=========================================
  10分钟后问题验证脚本
=========================================

⏰ 开始时间: 2026-03-17 10:14:39
⏳ 等待10分钟让Worker完全部署生效...


🔍 10分钟已过，开始验证所有问题
=========================================
验证时间: 2026-03-17 10:24:39

📋 验证清单
-----------------------------------------
1. ✅ Cloudflare Token有效性
2. ✅ Remove.bg API连接
3. ⚠️  Worker部署状态
4. ⚠️  Worker可访问性
5. ⚠️  npm依赖问题
6. ⚠️  自动化部署可行性
-----------------------------------------

🔑 1. 验证Cloudflare Token
-----------------------------------------
✅ Token仍然有效
   状态: active

🖼️ 2. 验证Remove.bg API
-----------------------------------------
✅ Remove.bg API连接正常
   总点数: 1
   免费调用: 50/月

🚀 3. 验证Worker部署状态
-----------------------------------------
检查简化Worker: bg-remover-worker-simple
❌ 简化Worker不存在或已删除

🌐 4. 验证Worker可访问性
-----------------------------------------
测试简化Worker访问...
尝试 1:
   ❌ 无响应或错误: timeout
尝试 2:
   ❌ 无响应或错误: timeout
尝试 3:
   ❌ 无响应或错误: timeout
❌ 简化Worker无法访问（可能部署失败或需要更长时间）

检查原始Worker: bg-remover-worker
❌ 原始Worker不存在

📦 5. 验证npm依赖问题
-----------------------------------------
检查前端依赖...
✅ package.json存在
   react-dropzone版本: 
   @types/react-dropzone版本: 
尝试安装测试...
✅ npm依赖问题可能已解决

🤖 6. 验证自动化部署可行性
-----------------------------------------
检查部署脚本...
✅ deploy-simple.sh存在且可执行
测试wrangler...
❌ wrangler配置问题: 
 ⛅️ wrangler 3.114.17 (update available 4.74.0)
-----------------------------------------------

[33m▲ [43;33m[[43;30mWARNING[43;33m][0m [1mThe version of Wrangler you are using is now out-of-date.[0m
✅ deploy-auto.sh存在且可执行

📊 验证结果总结
=========================================
验证时间: 2026-03-17 10:25:48

✅ 应该保持正常的部分:
   1. Cloudflare Token有效性
   2. Remove.bg API连接
   3. wrangler配置

⚠️ 10分钟后可能改善的部分:
   1. Worker部署状态 (Cloudflare需要时间生效)
   2. Worker可访问性

❌ 可能仍然存在的问题:
   1. npm依赖版本问题 (需要手动修复)
   2. 原始Worker部署问题

🎯 建议下一步:
   1. ⚠️ Worker部署可能需要更长时间或手动干预
   2. 考虑使用Cloudflare Dashboard手动部署
   3. 或等待更长时间后重试

🔧 测试命令参考:
   # 测试简化Worker
   curl https://bg-remover-worker-simple.1fea0d1a61332d8453279214fde43352.workers.dev/health
   curl https://bg-remover-worker-simple.1fea0d1a61332d8453279214fde43352.workers.dev/info

   # 测试原始Worker
   curl https://bg-remover-worker.1fea0d1a61332d8453279214fde43352.workers.dev/health

   # 重新部署
   ./deploy-simple.sh

📞 如需进一步协助，请提供:
   1. 上述测试的具体结果
   2. Cloudflare Dashboard截图
   3. 遇到的错误信息

=========================================
